[38;5;45m╔════════════════════════════════════════════════════════════════════════════════════════╗[0m
[38;5;45m║[0m  ███████╗██╗██╗     ███████╗    ██╗   ██╗██╗███████╗██╗    ██╗███████╗██████╗   [38;5;45m║[0m
[38;5;45m║[0m  ██╔════╝██║██║     ██╔════╝    ██║   ██║██║██╔════╝██║    ██║██╔════╝██╔══██╗  [38;5;45m║[0m
[38;5;45m║[0m  █████╗  ██║██║     █████╗      ██║   ██║██║█████╗  ██║ █╗ ██║█████╗  ██████╔╝  [38;5;45m║[0m
[38;5;45m║[0m  ██╔══╝  ██║██║     ██╔══╝      ╚██╗ ██╔╝██║██╔══╝  ██║███╗██║██╔══╝  ██╔══██╗  [38;5;45m║[0m
[38;5;45m║[0m  ██║     ██║███████╗███████╗     ╚████╔╝ ██║███████╗╚███╔███╔╝███████╗██║  ██║  [38;5;45m║[0m
[38;5;45m║[0m  ╚═╝     ╚═╝╚══════╝╚══════╝      ╚═══╝  ╚═╝╚══════╝ ╚══╝╚══╝ ╚══════╝╚═╝  ╚═╝  [38;5;45m║[0m
[38;5;45m╚════════════════════════════════════════════════════════════════════════════════════════╝[0m

        /\        /\        /\        /\        /\        /\        /\        /\
       /  \      /  \      /  \      /  \      /  \      /  \      /  \      /  \
      /____\    /____\    /____\    /____\    /____\    /____\    /____\    /____\

SAUCE00ANSI Sample                        File Viewer        Samples             20250101
